// Jest Snapshot v1, https://goo.gl/fbAQLP

exports[`$el attribute mounts component with $el HTMLElement 1`] = `"<div id=\\"root\\"></div>"`;

exports[`$el attribute mounts component with $el string selector 1`] = `"<div id=\\"root\\"></div>"`;

exports[`$el attribute mounts component with $el string selector and getter template 1`] = `"<div id=\\"root\\"></div>"`;
